// Jest Snapshot v1, https://goo.gl/fbAQLP

exports[`Should be to call api when press type of animal 1`] = `[Function]`;
