// Jest Snapshot v1, https://goo.gl/fbAQLP

exports[`Test <FilterModal/> Should be component visible 1`] = `[Function]`;
